15:51:48.034 [main] INFO  api.test.Usertest - Creating User
15:51:56.071 [main] INFO  api.test.Usertest - Created User
15:51:56.120 [main] INFO  api.test.Usertest - reading User
15:51:58.191 [main] INFO  api.test.Usertest - updating User
15:52:02.262 [main] INFO  api.test.Usertest - updated User
15:52:02.268 [main] INFO  api.test.Usertest - deleting User
15:52:04.521 [main] INFO  api.test.Usertest - deleted User
15:53:14.007 [main] INFO  api.test.Usertest - Creating User
15:53:19.773 [main] INFO  api.test.Usertest - Created User
15:53:19.813 [main] INFO  api.test.Usertest - reading User
15:53:21.989 [main] INFO  api.test.Usertest - reading User completed
15:53:21.996 [main] INFO  api.test.Usertest - updating User
15:53:26.056 [main] INFO  api.test.Usertest - updated User
15:53:26.067 [main] INFO  api.test.Usertest - deleting User
15:53:28.057 [main] INFO  api.test.Usertest - deleted User
15:56:14.505 [main] DEBUG api.test.Usertest - debugging
15:56:14.562 [main] INFO  api.test.Usertest - Creating User
15:56:22.838 [main] INFO  api.test.Usertest - Created User
15:56:22.914 [main] INFO  api.test.Usertest - reading User
15:56:25.044 [main] INFO  api.test.Usertest - reading User completed
15:56:25.053 [main] INFO  api.test.Usertest - updating User
15:56:29.149 [main] INFO  api.test.Usertest - updated User
15:56:29.160 [main] INFO  api.test.Usertest - deleting User
15:58:20.031 [main] DEBUG api.test.Usertest - debugging
15:58:20.105 [main] INFO  api.test.Usertest - Creating User
15:58:29.017 [main] INFO  api.test.Usertest - Created User
15:58:29.207 [main] INFO  api.test.Usertest - reading User
15:58:31.414 [main] INFO  api.test.Usertest - reading User completed
15:58:31.457 [main] INFO  api.test.Usertest - updating User
15:58:35.539 [main] INFO  api.test.Usertest - updated User
15:58:35.549 [main] INFO  api.test.Usertest - deleting User
15:58:37.654 [main] INFO  api.test.Usertest - deleted User
23:48:11.338 [main] DEBUG api.test.Usertest2 - debugging
23:48:11.367 [main] INFO  api.test.Usertest2 - reading User
23:49:12.054 [main] DEBUG api.test.Usertest2 - debugging
23:49:12.081 [main] INFO  api.test.Usertest2 - Creating User
23:49:17.561 [main] INFO  api.test.Usertest2 - Created User
23:49:17.576 [main] INFO  api.test.Usertest2 - reading User
23:49:19.693 [main] INFO  api.test.Usertest2 - updating User
23:49:23.887 [main] INFO  api.test.Usertest2 - updated User
23:49:23.896 [main] INFO  api.test.Usertest2 - deleting User
23:49:26.466 [main] INFO  api.test.Usertest2 - deleted User
23:50:19.196 [main] DEBUG api.test.Usertest2 - debugging
23:50:19.227 [main] INFO  api.test.Usertest2 - Creating User
23:50:24.640 [main] INFO  api.test.Usertest2 - Created User
23:50:24.665 [main] INFO  api.test.Usertest2 - reading User
23:50:26.963 [main] INFO  api.test.Usertest2 - reading User completed
23:50:26.989 [main] INFO  api.test.Usertest2 - updating User
23:50:32.067 [main] INFO  api.test.Usertest2 - updated User
23:50:32.078 [main] INFO  api.test.Usertest2 - deleting User
23:50:34.189 [main] INFO  api.test.Usertest2 - deleted User
00:20:04.423 [main] DEBUG api.test.Usertest - debugging
00:20:04.464 [main] INFO  api.test.Usertest - Creating User
00:20:10.582 [main] INFO  api.test.Usertest - Created User
00:20:10.625 [main] INFO  api.test.Usertest - reading User
00:20:12.900 [main] INFO  api.test.Usertest - updating User
00:20:16.975 [main] INFO  api.test.Usertest - updated User
00:20:16.980 [main] INFO  api.test.Usertest - deleting User
00:20:19.176 [main] INFO  api.test.Usertest - deleted User
00:21:04.328 [main] DEBUG api.test.Usertest - debugging
00:21:04.344 [main] INFO  api.test.Usertest - Creating User
00:21:09.033 [main] INFO  api.test.Usertest - Created User
00:21:09.054 [main] INFO  api.test.Usertest - reading User
00:21:12.787 [main] INFO  api.test.Usertest - reading User completed
00:21:12.802 [main] INFO  api.test.Usertest - updating User
00:21:17.345 [main] INFO  api.test.Usertest - updated User
00:21:17.352 [main] INFO  api.test.Usertest - deleting User
00:21:19.386 [main] INFO  api.test.Usertest - deleted User
